SQL> 
SQL> DROP TABLE tracks;

Table dropped.

SQL> DROP TABLE albums;

Table dropped.

SQL> DROP TABLE artist;

Table dropped.

SQL> 
SQL> CREATE TABLE artist (
  2  	     artist_id INTEGER PRIMARY KEY,
  3  	     fname VARCHAR2(15),
  4  	     lname VARCHAR2(15) NOT NULL
  5  );

Table created.

SQL> --
SQL> 
SQL> CREATE TABLE albums (
  2  	     album_id INTEGER PRIMARY KEY,
  3  	     title VARCHAR2(50),
  4  	     release_date DATE,
  5  	     artist_id INTEGER,
  6  	     CONSTRAINT con_artist FOREIGN KEY (artist_id) REFERENCES artist(artist_id)
  7  );

Table created.

SQL> --
SQL> 
SQL> CREATE TABLE tracks (
  2  	     track_id INTEGER PRIMARY KEY,
  3  	     title VARCHAR2(50) NOT NULL,
  4  	     album_id INTEGER ,
  5  	     CONSTRAINT con_album FOREIGN KEY (album_id) REFERENCES albums(album_id)
  6  );

Table created.

SQL> --
SQL> 
SQL> ALTER TABLE tracks ADD rating INTEGER;

Table altered.

SQL> ALTER TABLE tracks ADD CONSTRAINT tRating CHECK(rating >= 0 AND rating < 6);

Table altered.

SQL> ALTER TABLE artist ADD CONSTRAINT aUnique UNIQUE (fname,lname);

Table altered.

SQL> --
SQL> /*
SQL> Accepted Inserts
SQL> */
SQL> 
SQL> INSERT INTO artist
  2  VALUES (1, NULL, 'Chicago');

1 row created.

SQL> 
SQL> INSERT INTO artist
  2  VALUES (2, NULL, 'Magic!');

1 row created.

SQL> --
SQL> 
SQL> INSERT INTO albums
  2  VALUES (1, 'Chicago 17', to_date('May-14-1984', 'MM-DD-YYYY'), 1);

1 row created.

SQL> 
SQL> INSERT INTO albums
  2  VALUES (2, 'Dont kill the magic', to_date('June-30-2014', 'MM-DD-YYYY'), 1);

1 row created.

SQL> --
SQL> 
SQL> INSERT INTO tracks
  2  VALUES (1, 'Your the Inspiration', 1, 5);

1 row created.

SQL> 
SQL> INSERT INTO tracks
  2  VALUES (2, 'Rude', 2, 4);

1 row created.

SQL> --
SQL> /*
SQL> Failed Inserts
SQL> */
SQL> 
SQL> INSERT INTO tracks
  2  VALUES (1, NULL, 3, 1);
VALUES (1, NULL, 3, 1)
           *
ERROR at line 2:
ORA-01400: cannot insert NULL into ("SUNVI"."TRACKS"."TITLE") 


SQL> --
SQL> 
SQL> INSERT INTO albums
  2  VALUES (3, 'Name', to_date('June-30-2014','MM-DD-YYYY'), 3);
INSERT INTO albums
*
ERROR at line 1:
ORA-02291: integrity constraint (SUNVI.CON_ARTIST) violated - parent key not 
found 


SQL> --
SQL> SELECT *
  2  FROM tracks
  3  WHERE rating >= 4;

  TRACK_ID TITLE                                                ALBUM_ID        
---------- -------------------------------------------------- ----------        
    RATING                                                                      
----------                                                                      
         1 Your the Inspiration                                        1        
         5                                                                      
                                                                                
         2 Rude                                                        2        
         4                                                                      
                                                                                

SQL> --
SQL> 
SQL> SET ECHO OFF
